---
source: crates/dq-cli/tests/golden.rs
expression: combined
---
exit_code: 0
--- stdout ---
: object
/repos: array
/repos/0: object
/repos/0/repo: string
/repos/0/rev: string
/repos/0/hooks: array
/repos/0/hooks/0: object
/repos/0/hooks/0/id: string
/repos/0/hooks/1: object
/repos/0/hooks/1/id: string
/repos/0/hooks/2: object
/repos/0/hooks/2/id: string
--- stderr ---
